(---------------------------------------------------------------------)
(                                                                     )
(    Allegro Netrev Import Logic                                      )
(                                                                     )
(    Drawing          : INSOLADORA.brd                                )
(    Software Version : 16.6P004                                      )
(    Date/Time        : Mon Jul 11 22:31:35 2016                      )
(                                                                     )
(---------------------------------------------------------------------)


------ Directives ------

RIPUP_ETCH FALSE;
RIPUP_DELETE_FIRST_SEGMENT FALSE;
RIPUP_RETAIN_BONDWIRE FALSE;
RIPUP_SYMBOLS ALWAYS;
Missing symbol has error FALSE;
SCHEMATIC_DIRECTORY 'C:/Users/Usuario/Desktop/Insoladora/Insoladora_Esquematicos/allegro';
BOARD_DIRECTORY '';
OLD_BOARD_NAME 'C:/Users/Usuario/Desktop/Insoladora/Insoladora_PCB/INSOLADORA.brd';
NEW_BOARD_NAME 'C:/Users/Usuario/Desktop/Insoladora/Insoladora_PCB/INSOLADORA.brd';

CmdLine: netrev -$ -i C:/Users/Usuario/Desktop/Insoladora/Insoladora_Esquematicos/allegro -y 1 C:/Users/Usuario/Desktop/Insoladora/Insoladora_PCB/#Taaaaau07484.tmp

------ Preparing to read pst files ------

Starting to read C:/Users/Usuario/Desktop/Insoladora/Insoladora_Esquematicos/allegro/pstchip.dat 
   Finished reading C:/Users/Usuario/Desktop/Insoladora/Insoladora_Esquematicos/allegro/pstchip.dat (00:00:00.09)
Starting to read C:/Users/Usuario/Desktop/Insoladora/Insoladora_Esquematicos/allegro/pstxprt.dat 
   Finished reading C:/Users/Usuario/Desktop/Insoladora/Insoladora_Esquematicos/allegro/pstxprt.dat (00:00:00.01)
Starting to read C:/Users/Usuario/Desktop/Insoladora/Insoladora_Esquematicos/allegro/pstxnet.dat 
   Finished reading C:/Users/Usuario/Desktop/Insoladora/Insoladora_Esquematicos/allegro/pstxnet.dat (00:00:00.00)

------ Oversights/Warnings/Errors ------


------ Library Paths ------
MODULEPATH =  . 
           C:/Cadence/SPB_16.6/share/local/pcb/modules 

PSMPATH =  . 
           symbols 
           .. 
           ../symbols 
           C:/Cadence/SPB_16.6/share/local/pcb/symbols 
           C:/Cadence/SPB_16.6/share/pcb/pcb_lib/symbols 
           C:/Cadence/SPB_16.6/share/pcb/allegrolib/symbols 
           C:/Cadence/SPB_16.6/share/pcb/pcb_lib/symbols/ 

PADPATH =  . 
           symbols 
           .. 
           ../symbols 
           C:/Cadence/SPB_16.6/share/local/pcb/padstacks 
           C:/Cadence/SPB_16.6/share/pcb/pcb_lib/symbols 
           C:/Cadence/SPB_16.6/share/pcb/allegrolib/symbols 
           C:/Cadence/SPB_16.6/share/pcb/pcb_lib/symbols/ 


------ Summary Statistics ------


netrev run on Jul 11 22:31:35 2016
   DESIGN NAME : 'INSOLADORA_ESQUEMATICO'
   PACKAGING ON Sep 10 2012 04:46:09

   COMPILE 'logic'
   CHECK_PIN_NAMES OFF
   CROSS_REFERENCE OFF
   FEEDBACK OFF
   INCREMENTAL OFF
   INTERFACE_TYPE PHYSICAL
   MAX_ERRORS 500
   MERGE_MINIMUM 5
   NET_NAME_CHARS '#%&()*+-./:=>?@[]^_`|'
   NET_NAME_LENGTH 24
   OVERSIGHTS ON
   REPLACE_CHECK OFF
   SINGLE_NODE_NETS ON
   SPLIT_MINIMUM 0
   SUPPRESS   20
   WARNINGS ON

 No error detected
 No oversight detected
 No warning detected

cpu time      0:01:19
elapsed time  0:00:00

